# ali-to-post "ark:gunzip -c /home/troxyz1268/bisaya_asr/exp/tri3/ali.5.gz|" ark:- | gmm-acc-stats-twofeats /home/troxyz1268/bisaya_asr/exp/tri3/35.mdl "ark,s,cs:apply-cmvn  --utt2spk=ark:/home/troxyz1268/bisaya_asr/data/train_sp/split8/5/utt2spk scp:/home/troxyz1268/bisaya_asr/data/train_sp/split8/5/cmvn.scp scp:/home/troxyz1268/bisaya_asr/data/train_sp/split8/5/feats.scp ark:- | splice-feats  ark:- ark:- | transform-feats /home/troxyz1268/bisaya_asr/exp/tri2_ali/final.mat ark:- ark:- | transform-feats --utt2spk=ark:/home/troxyz1268/bisaya_asr/data/train_sp/split8/5/utt2spk ark:/home/troxyz1268/bisaya_asr/exp/tri3/trans.5 ark:- ark:- |" "ark,s,cs:apply-cmvn  --utt2spk=ark:/home/troxyz1268/bisaya_asr/data/train_sp/split8/5/utt2spk scp:/home/troxyz1268/bisaya_asr/data/train_sp/split8/5/cmvn.scp scp:/home/troxyz1268/bisaya_asr/data/train_sp/split8/5/feats.scp ark:- | splice-feats  ark:- ark:- | transform-feats /home/troxyz1268/bisaya_asr/exp/tri2_ali/final.mat ark:- ark:- |" ark,s,cs:- /home/troxyz1268/bisaya_asr/exp/tri3/35.5.acc 
# Started at Thu Aug 20 11:48:12 PST 2026
#
ali-to-post 'ark:gunzip -c /home/troxyz1268/bisaya_asr/exp/tri3/ali.5.gz|' ark:- 
gmm-acc-stats-twofeats /home/troxyz1268/bisaya_asr/exp/tri3/35.mdl 'ark,s,cs:apply-cmvn  --utt2spk=ark:/home/troxyz1268/bisaya_asr/data/train_sp/split8/5/utt2spk scp:/home/troxyz1268/bisaya_asr/data/train_sp/split8/5/cmvn.scp scp:/home/troxyz1268/bisaya_asr/data/train_sp/split8/5/feats.scp ark:- | splice-feats  ark:- ark:- | transform-feats /home/troxyz1268/bisaya_asr/exp/tri2_ali/final.mat ark:- ark:- | transform-feats --utt2spk=ark:/home/troxyz1268/bisaya_asr/data/train_sp/split8/5/utt2spk ark:/home/troxyz1268/bisaya_asr/exp/tri3/trans.5 ark:- ark:- |' 'ark,s,cs:apply-cmvn  --utt2spk=ark:/home/troxyz1268/bisaya_asr/data/train_sp/split8/5/utt2spk scp:/home/troxyz1268/bisaya_asr/data/train_sp/split8/5/cmvn.scp scp:/home/troxyz1268/bisaya_asr/data/train_sp/split8/5/feats.scp ark:- | splice-feats  ark:- ark:- | transform-feats /home/troxyz1268/bisaya_asr/exp/tri2_ali/final.mat ark:- ark:- |' ark,s,cs:- /home/troxyz1268/bisaya_asr/exp/tri3/35.5.acc 
transform-feats /home/troxyz1268/bisaya_asr/exp/tri2_ali/final.mat ark:- ark:- 
apply-cmvn --utt2spk=ark:/home/troxyz1268/bisaya_asr/data/train_sp/split8/5/utt2spk scp:/home/troxyz1268/bisaya_asr/data/train_sp/split8/5/cmvn.scp scp:/home/troxyz1268/bisaya_asr/data/train_sp/split8/5/feats.scp ark:- 
splice-feats ark:- ark:- 
transform-feats --utt2spk=ark:/home/troxyz1268/bisaya_asr/data/train_sp/split8/5/utt2spk ark:/home/troxyz1268/bisaya_asr/exp/tri3/trans.5 ark:- ark:- 
splice-feats ark:- ark:- 
transform-feats /home/troxyz1268/bisaya_asr/exp/tri2_ali/final.mat ark:- ark:- 
apply-cmvn --utt2spk=ark:/home/troxyz1268/bisaya_asr/data/train_sp/split8/5/utt2spk scp:/home/troxyz1268/bisaya_asr/data/train_sp/split8/5/cmvn.scp scp:/home/troxyz1268/bisaya_asr/data/train_sp/split8/5/feats.scp ark:- 
LOG (gmm-acc-stats-twofeats[5.5.1182~1-e02e3]:main():gmm-acc-stats-twofeats.cc:140) Average like for this file is -45.278 over 15190 frames.
LOG (gmm-acc-stats-twofeats[5.5.1182~1-e02e3]:main():gmm-acc-stats-twofeats.cc:140) Average like for this file is -46.6811 over 10196 frames.
LOG (gmm-acc-stats-twofeats[5.5.1182~1-e02e3]:main():gmm-acc-stats-twofeats.cc:140) Average like for this file is -49.1607 over 19901 frames.
LOG (gmm-acc-stats-twofeats[5.5.1182~1-e02e3]:main():gmm-acc-stats-twofeats.cc:140) Average like for this file is -48.7691 over 32524 frames.
LOG (gmm-acc-stats-twofeats[5.5.1182~1-e02e3]:main():gmm-acc-stats-twofeats.cc:140) Average like for this file is -44.6564 over 16189 frames.
LOG (gmm-acc-stats-twofeats[5.5.1182~1-e02e3]:main():gmm-acc-stats-twofeats.cc:140) Average like for this file is -46.1951 over 22519 frames.
LOG (gmm-acc-stats-twofeats[5.5.1182~1-e02e3]:main():gmm-acc-stats-twofeats.cc:140) Average like for this file is -47.5961 over 23885 frames.
LOG (gmm-acc-stats-twofeats[5.5.1182~1-e02e3]:main():gmm-acc-stats-twofeats.cc:140) Average like for this file is -52.8993 over 9305 frames.
LOG (gmm-acc-stats-twofeats[5.5.1182~1-e02e3]:main():gmm-acc-stats-twofeats.cc:140) Average like for this file is -47.9355 over 9447 frames.
LOG (gmm-acc-stats-twofeats[5.5.1182~1-e02e3]:main():gmm-acc-stats-twofeats.cc:140) Average like for this file is -48.9431 over 9715 frames.
LOG (gmm-acc-stats-twofeats[5.5.1182~1-e02e3]:main():gmm-acc-stats-twofeats.cc:146) Avg like per frame so far is -47.6627
LOG (gmm-acc-stats-twofeats[5.5.1182~1-e02e3]:main():gmm-acc-stats-twofeats.cc:140) Average like for this file is -46.9649 over 12739 frames.
LOG (gmm-acc-stats-twofeats[5.5.1182~1-e02e3]:main():gmm-acc-stats-twofeats.cc:140) Average like for this file is -46.6457 over 15231 frames.
LOG (gmm-acc-stats-twofeats[5.5.1182~1-e02e3]:main():gmm-acc-stats-twofeats.cc:140) Average like for this file is -50.773 over 10212 frames.
LOG (gmm-acc-stats-twofeats[5.5.1182~1-e02e3]:main():gmm-acc-stats-twofeats.cc:140) Average like for this file is -49.6963 over 5007 frames.
LOG (gmm-acc-stats-twofeats[5.5.1182~1-e02e3]:main():gmm-acc-stats-twofeats.cc:140) Average like for this file is -50.0888 over 6034 frames.
LOG (gmm-acc-stats-twofeats[5.5.1182~1-e02e3]:main():gmm-acc-stats-twofeats.cc:140) Average like for this file is -51.2665 over 5292 frames.
LOG (gmm-acc-stats-twofeats[5.5.1182~1-e02e3]:main():gmm-acc-stats-twofeats.cc:140) Average like for this file is -49.6109 over 8358 frames.
LOG (gmm-acc-stats-twofeats[5.5.1182~1-e02e3]:main():gmm-acc-stats-twofeats.cc:140) Average like for this file is -49.3075 over 6744 frames.
LOG (gmm-acc-stats-twofeats[5.5.1182~1-e02e3]:main():gmm-acc-stats-twofeats.cc:140) Average like for this file is -45.2856 over 8400 frames.
LOG (gmm-acc-stats-twofeats[5.5.1182~1-e02e3]:main():gmm-acc-stats-twofeats.cc:140) Average like for this file is -47.0704 over 5207 frames.
LOG (gmm-acc-stats-twofeats[5.5.1182~1-e02e3]:main():gmm-acc-stats-twofeats.cc:146) Avg like per frame so far is -47.8832
LOG (apply-cmvn[5.5.1182~1-e02e3]:main():apply-cmvn.cc:162) Applied cepstral mean normalization to 24 utterances, errors on 0
LOG (gmm-acc-stats-twofeats[5.5.1182~1-e02e3]:main():gmm-acc-stats-twofeats.cc:140) Average like for this file is -48.3822 over 4738 frames.
LOG (apply-cmvn[5.5.1182~1-e02e3]:main():apply-cmvn.cc:162) Applied cepstral mean normalization to 24 utterances, errors on 0
LOG (gmm-acc-stats-twofeats[5.5.1182~1-e02e3]:main():gmm-acc-stats-twofeats.cc:140) Average like for this file is -45.7828 over 3542 frames.
LOG (transform-feats[5.5.1182~1-e02e3]:main():transform-feats.cc:158) Overall average [pseudo-]logdet is -95.1545 over 271617 frames.
LOG (transform-feats[5.5.1182~1-e02e3]:main():transform-feats.cc:161) Applied transform to 24 utterances; 0 had errors.
LOG (gmm-acc-stats-twofeats[5.5.1182~1-e02e3]:main():gmm-acc-stats-twofeats.cc:140) Average like for this file is -49.1873 over 5638 frames.
LOG (transform-feats[5.5.1182~1-e02e3]:main():transform-feats.cc:158) Overall average logdet is 6.07284 over 271617 frames.
LOG (transform-feats[5.5.1182~1-e02e3]:main():transform-feats.cc:161) Applied transform to 24 utterances; 0 had errors.
LOG (transform-feats[5.5.1182~1-e02e3]:main():transform-feats.cc:158) Overall average [pseudo-]logdet is -95.1545 over 271617 frames.
LOG (transform-feats[5.5.1182~1-e02e3]:main():transform-feats.cc:161) Applied transform to 24 utterances; 0 had errors.
LOG (ali-to-post[5.5.1182~1-e02e3]:main():ali-to-post.cc:73) Converted 24 alignments.
LOG (gmm-acc-stats-twofeats[5.5.1182~1-e02e3]:main():gmm-acc-stats-twofeats.cc:140) Average like for this file is -47.5842 over 5604 frames.
LOG (gmm-acc-stats-twofeats[5.5.1182~1-e02e3]:main():gmm-acc-stats-twofeats.cc:150) Done 24 files, 0 with no posteriors, 0 with no second features, 0 with other errors.
LOG (gmm-acc-stats-twofeats[5.5.1182~1-e02e3]:main():gmm-acc-stats-twofeats.cc:155) Overall avg like per frame (Gaussian only) = -47.8855 over 271617 frames.
LOG (gmm-acc-stats-twofeats[5.5.1182~1-e02e3]:main():gmm-acc-stats-twofeats.cc:163) Written accs.
# Accounting: time=4 threads=1
# Ended (code 0) at Thu Aug 20 11:48:16 PST 2026, elapsed time 4 seconds
