# gmm-align-compiled --transition-scale=1.0 --acoustic-scale=0.1 --self-loop-scale=0.1 --beam=40 --retry-beam=160 --careful=false "gmm-boost-silence --boost=1.0 1 /home/troxyz1268/bisaya_asr/exp/tri3/30.mdl - |" "ark:gunzip -c /home/troxyz1268/bisaya_asr/exp/tri3/fsts.8.gz|" "ark,s,cs:apply-cmvn  --utt2spk=ark:/home/troxyz1268/bisaya_asr/data/train_sp/split8/8/utt2spk scp:/home/troxyz1268/bisaya_asr/data/train_sp/split8/8/cmvn.scp scp:/home/troxyz1268/bisaya_asr/data/train_sp/split8/8/feats.scp ark:- | splice-feats  ark:- ark:- | transform-feats /home/troxyz1268/bisaya_asr/exp/tri2_ali/final.mat ark:- ark:- | transform-feats --utt2spk=ark:/home/troxyz1268/bisaya_asr/data/train_sp/split8/8/utt2spk ark:/home/troxyz1268/bisaya_asr/exp/tri3/trans.8 ark:- ark:- |" "ark:|gzip -c >/home/troxyz1268/bisaya_asr/exp/tri3/ali.8.gz" 
# Started at Thu Aug 20 11:47:24 PST 2026
#
gmm-align-compiled --transition-scale=1.0 --acoustic-scale=0.1 --self-loop-scale=0.1 --beam=40 --retry-beam=160 --careful=false 'gmm-boost-silence --boost=1.0 1 /home/troxyz1268/bisaya_asr/exp/tri3/30.mdl - |' 'ark:gunzip -c /home/troxyz1268/bisaya_asr/exp/tri3/fsts.8.gz|' 'ark,s,cs:apply-cmvn  --utt2spk=ark:/home/troxyz1268/bisaya_asr/data/train_sp/split8/8/utt2spk scp:/home/troxyz1268/bisaya_asr/data/train_sp/split8/8/cmvn.scp scp:/home/troxyz1268/bisaya_asr/data/train_sp/split8/8/feats.scp ark:- | splice-feats  ark:- ark:- | transform-feats /home/troxyz1268/bisaya_asr/exp/tri2_ali/final.mat ark:- ark:- | transform-feats --utt2spk=ark:/home/troxyz1268/bisaya_asr/data/train_sp/split8/8/utt2spk ark:/home/troxyz1268/bisaya_asr/exp/tri3/trans.8 ark:- ark:- |' 'ark:|gzip -c >/home/troxyz1268/bisaya_asr/exp/tri3/ali.8.gz' 
gmm-boost-silence --boost=1.0 1 /home/troxyz1268/bisaya_asr/exp/tri3/30.mdl - 
LOG (gmm-boost-silence[5.5.1182~1-e02e3]:main():gmm-boost-silence.cc:93) Boosted weights for 5 pdfs, by factor of 1
LOG (gmm-boost-silence[5.5.1182~1-e02e3]:main():gmm-boost-silence.cc:103) Wrote model to -
transform-feats /home/troxyz1268/bisaya_asr/exp/tri2_ali/final.mat ark:- ark:- 
apply-cmvn --utt2spk=ark:/home/troxyz1268/bisaya_asr/data/train_sp/split8/8/utt2spk scp:/home/troxyz1268/bisaya_asr/data/train_sp/split8/8/cmvn.scp scp:/home/troxyz1268/bisaya_asr/data/train_sp/split8/8/feats.scp ark:- 
splice-feats ark:- ark:- 
transform-feats --utt2spk=ark:/home/troxyz1268/bisaya_asr/data/train_sp/split8/8/utt2spk ark:/home/troxyz1268/bisaya_asr/exp/tri3/trans.8 ark:- ark:- 
LOG (gmm-align-compiled[5.5.1182~1-e02e3]:main():gmm-align-compiled.cc:127) sp1.1-CEB_009-000044
LOG (gmm-align-compiled[5.5.1182~1-e02e3]:main():gmm-align-compiled.cc:127) sp1.1-CEB_009-000045
LOG (gmm-align-compiled[5.5.1182~1-e02e3]:main():gmm-align-compiled.cc:127) sp1.1-CEB_009-000046
LOG (gmm-align-compiled[5.5.1182~1-e02e3]:main():gmm-align-compiled.cc:127) sp1.1-CEB_009-000047
LOG (gmm-align-compiled[5.5.1182~1-e02e3]:main():gmm-align-compiled.cc:127) sp1.1-CEB_009-000048
LOG (gmm-align-compiled[5.5.1182~1-e02e3]:main():gmm-align-compiled.cc:127) sp1.1-CEB_009-000049
LOG (gmm-align-compiled[5.5.1182~1-e02e3]:main():gmm-align-compiled.cc:127) sp1.1-CEB_011-000062
LOG (gmm-align-compiled[5.5.1182~1-e02e3]:main():gmm-align-compiled.cc:127) sp1.1-CEB_011-000063
LOG (gmm-align-compiled[5.5.1182~1-e02e3]:main():gmm-align-compiled.cc:127) sp1.1-CEB_011-000064
LOG (gmm-align-compiled[5.5.1182~1-e02e3]:main():gmm-align-compiled.cc:127) sp1.1-CEB_011-000065
LOG (gmm-align-compiled[5.5.1182~1-e02e3]:main():gmm-align-compiled.cc:127) sp1.1-CEB_011-000066
LOG (gmm-align-compiled[5.5.1182~1-e02e3]:main():gmm-align-compiled.cc:127) sp1.1-CEB_013-000073
LOG (gmm-align-compiled[5.5.1182~1-e02e3]:main():gmm-align-compiled.cc:127) sp1.1-CEB_013-000074
LOG (gmm-align-compiled[5.5.1182~1-e02e3]:main():gmm-align-compiled.cc:127) sp1.1-CEB_013-000075
LOG (gmm-align-compiled[5.5.1182~1-e02e3]:main():gmm-align-compiled.cc:127) sp1.1-CEB_013-000076
LOG (gmm-align-compiled[5.5.1182~1-e02e3]:main():gmm-align-compiled.cc:127) sp1.1-CEB_013-000077
LOG (gmm-align-compiled[5.5.1182~1-e02e3]:main():gmm-align-compiled.cc:127) sp1.1-CEB_013-000078
LOG (gmm-align-compiled[5.5.1182~1-e02e3]:main():gmm-align-compiled.cc:127) sp1.1-CEB_014-000050
LOG (gmm-align-compiled[5.5.1182~1-e02e3]:main():gmm-align-compiled.cc:127) sp1.1-CEB_014-000051
LOG (gmm-align-compiled[5.5.1182~1-e02e3]:main():gmm-align-compiled.cc:127) sp1.1-CEB_014-000052
LOG (gmm-align-compiled[5.5.1182~1-e02e3]:main():gmm-align-compiled.cc:127) sp1.1-CEB_014-000053
LOG (gmm-align-compiled[5.5.1182~1-e02e3]:main():gmm-align-compiled.cc:127) sp1.1-CEB_014-000054
LOG (gmm-align-compiled[5.5.1182~1-e02e3]:main():gmm-align-compiled.cc:127) sp1.1-CEB_014-000055
LOG (gmm-align-compiled[5.5.1182~1-e02e3]:main():gmm-align-compiled.cc:127) sp1.1-CEB_015-000026
LOG (gmm-align-compiled[5.5.1182~1-e02e3]:main():gmm-align-compiled.cc:127) sp1.1-CEB_015-000027
LOG (gmm-align-compiled[5.5.1182~1-e02e3]:main():gmm-align-compiled.cc:127) sp1.1-CEB_015-000028
LOG (apply-cmvn[5.5.1182~1-e02e3]:main():apply-cmvn.cc:162) Applied cepstral mean normalization to 29 utterances, errors on 0
LOG (gmm-align-compiled[5.5.1182~1-e02e3]:main():gmm-align-compiled.cc:127) sp1.1-CEB_015-000029
LOG (gmm-align-compiled[5.5.1182~1-e02e3]:main():gmm-align-compiled.cc:127) sp1.1-CEB_015-000030
LOG (transform-feats[5.5.1182~1-e02e3]:main():transform-feats.cc:158) Overall average [pseudo-]logdet is -95.1545 over 327865 frames.
LOG (transform-feats[5.5.1182~1-e02e3]:main():transform-feats.cc:161) Applied transform to 29 utterances; 0 had errors.
LOG (transform-feats[5.5.1182~1-e02e3]:main():transform-feats.cc:158) Overall average logdet is 3.67645 over 327865 frames.
LOG (transform-feats[5.5.1182~1-e02e3]:main():transform-feats.cc:161) Applied transform to 29 utterances; 0 had errors.
LOG (gmm-align-compiled[5.5.1182~1-e02e3]:main():gmm-align-compiled.cc:127) sp1.1-CEB_015-000031
LOG (gmm-align-compiled[5.5.1182~1-e02e3]:main():gmm-align-compiled.cc:135) Overall log-likelihood per frame is -47.0346 over 327865 frames.
LOG (gmm-align-compiled[5.5.1182~1-e02e3]:main():gmm-align-compiled.cc:137) Retried 0 out of 29 utterances.
LOG (gmm-align-compiled[5.5.1182~1-e02e3]:main():gmm-align-compiled.cc:139) Done 29, errors on 0
# Accounting: time=18 threads=1
# Ended (code 0) at Thu Aug 20 11:47:42 PST 2026, elapsed time 18 seconds
