# gmm-align-compiled --transition-scale=1.0 --acoustic-scale=0.1 --self-loop-scale=0.1 --beam=40 --retry-beam=160 --careful=false "gmm-boost-silence --boost=1.0 1 /home/troxyz1268/bisaya_asr/exp/tri3/10.mdl - |" "ark:gunzip -c /home/troxyz1268/bisaya_asr/exp/tri3/fsts.7.gz|" "ark,s,cs:apply-cmvn  --utt2spk=ark:/home/troxyz1268/bisaya_asr/data/train_sp/split8/7/utt2spk scp:/home/troxyz1268/bisaya_asr/data/train_sp/split8/7/cmvn.scp scp:/home/troxyz1268/bisaya_asr/data/train_sp/split8/7/feats.scp ark:- | splice-feats  ark:- ark:- | transform-feats /home/troxyz1268/bisaya_asr/exp/tri2_ali/final.mat ark:- ark:- | transform-feats --utt2spk=ark:/home/troxyz1268/bisaya_asr/data/train_sp/split8/7/utt2spk ark:/home/troxyz1268/bisaya_asr/exp/tri3/trans.7 ark:- ark:- |" "ark:|gzip -c >/home/troxyz1268/bisaya_asr/exp/tri3/ali.7.gz" 
# Started at Thu Aug 20 11:44:32 PST 2026
#
gmm-align-compiled --transition-scale=1.0 --acoustic-scale=0.1 --self-loop-scale=0.1 --beam=40 --retry-beam=160 --careful=false 'gmm-boost-silence --boost=1.0 1 /home/troxyz1268/bisaya_asr/exp/tri3/10.mdl - |' 'ark:gunzip -c /home/troxyz1268/bisaya_asr/exp/tri3/fsts.7.gz|' 'ark,s,cs:apply-cmvn  --utt2spk=ark:/home/troxyz1268/bisaya_asr/data/train_sp/split8/7/utt2spk scp:/home/troxyz1268/bisaya_asr/data/train_sp/split8/7/cmvn.scp scp:/home/troxyz1268/bisaya_asr/data/train_sp/split8/7/feats.scp ark:- | splice-feats  ark:- ark:- | transform-feats /home/troxyz1268/bisaya_asr/exp/tri2_ali/final.mat ark:- ark:- | transform-feats --utt2spk=ark:/home/troxyz1268/bisaya_asr/data/train_sp/split8/7/utt2spk ark:/home/troxyz1268/bisaya_asr/exp/tri3/trans.7 ark:- ark:- |' 'ark:|gzip -c >/home/troxyz1268/bisaya_asr/exp/tri3/ali.7.gz' 
gmm-boost-silence --boost=1.0 1 /home/troxyz1268/bisaya_asr/exp/tri3/10.mdl - 
LOG (gmm-boost-silence[5.5.1182~1-e02e3]:main():gmm-boost-silence.cc:93) Boosted weights for 5 pdfs, by factor of 1
LOG (gmm-boost-silence[5.5.1182~1-e02e3]:main():gmm-boost-silence.cc:103) Wrote model to -
transform-feats /home/troxyz1268/bisaya_asr/exp/tri2_ali/final.mat ark:- ark:- 
transform-feats --utt2spk=ark:/home/troxyz1268/bisaya_asr/data/train_sp/split8/7/utt2spk ark:/home/troxyz1268/bisaya_asr/exp/tri3/trans.7 ark:- ark:- 
apply-cmvn --utt2spk=ark:/home/troxyz1268/bisaya_asr/data/train_sp/split8/7/utt2spk scp:/home/troxyz1268/bisaya_asr/data/train_sp/split8/7/cmvn.scp scp:/home/troxyz1268/bisaya_asr/data/train_sp/split8/7/feats.scp ark:- 
splice-feats ark:- ark:- 
LOG (gmm-align-compiled[5.5.1182~1-e02e3]:main():gmm-align-compiled.cc:127) sp1.1-CEB_005-000020
LOG (gmm-align-compiled[5.5.1182~1-e02e3]:main():gmm-align-compiled.cc:127) sp1.1-CEB_005-000021
LOG (gmm-align-compiled[5.5.1182~1-e02e3]:main():gmm-align-compiled.cc:127) sp1.1-CEB_005-000022
LOG (gmm-align-compiled[5.5.1182~1-e02e3]:main():gmm-align-compiled.cc:127) sp1.1-CEB_005-000023
LOG (gmm-align-compiled[5.5.1182~1-e02e3]:main():gmm-align-compiled.cc:127) sp1.1-CEB_005-000024
LOG (gmm-align-compiled[5.5.1182~1-e02e3]:main():gmm-align-compiled.cc:127) sp1.1-CEB_005-000025
LOG (gmm-align-compiled[5.5.1182~1-e02e3]:main():gmm-align-compiled.cc:127) sp1.1-CEB_006-000067
LOG (gmm-align-compiled[5.5.1182~1-e02e3]:main():gmm-align-compiled.cc:127) sp1.1-CEB_006-000068
LOG (gmm-align-compiled[5.5.1182~1-e02e3]:main():gmm-align-compiled.cc:127) sp1.1-CEB_006-000069
LOG (gmm-align-compiled[5.5.1182~1-e02e3]:main():gmm-align-compiled.cc:127) sp1.1-CEB_006-000070
LOG (gmm-align-compiled[5.5.1182~1-e02e3]:main():gmm-align-compiled.cc:127) sp1.1-CEB_006-000071
LOG (gmm-align-compiled[5.5.1182~1-e02e3]:main():gmm-align-compiled.cc:127) sp1.1-CEB_006-000072
LOG (gmm-align-compiled[5.5.1182~1-e02e3]:main():gmm-align-compiled.cc:127) sp1.1-CEB_007-000014
LOG (gmm-align-compiled[5.5.1182~1-e02e3]:main():gmm-align-compiled.cc:127) sp1.1-CEB_007-000015
WARNING (gmm-align-compiled[5.5.1182~1-e02e3]:AlignUtteranceWrapper():decoder-wrappers.cc:617) Retrying utterance sp1.1-CEB_007-000015 with beam 160
LOG (gmm-align-compiled[5.5.1182~1-e02e3]:main():gmm-align-compiled.cc:127) sp1.1-CEB_007-000016
LOG (gmm-align-compiled[5.5.1182~1-e02e3]:main():gmm-align-compiled.cc:127) sp1.1-CEB_007-000017
LOG (gmm-align-compiled[5.5.1182~1-e02e3]:main():gmm-align-compiled.cc:127) sp1.1-CEB_007-000018
LOG (gmm-align-compiled[5.5.1182~1-e02e3]:main():gmm-align-compiled.cc:127) sp1.1-CEB_007-000019
LOG (gmm-align-compiled[5.5.1182~1-e02e3]:main():gmm-align-compiled.cc:127) sp1.1-CEB_008-000000
LOG (gmm-align-compiled[5.5.1182~1-e02e3]:main():gmm-align-compiled.cc:127) sp1.1-CEB_008-000001
LOG (gmm-align-compiled[5.5.1182~1-e02e3]:main():gmm-align-compiled.cc:127) sp1.1-CEB_008-000002
LOG (gmm-align-compiled[5.5.1182~1-e02e3]:main():gmm-align-compiled.cc:127) sp1.1-CEB_008-000003
LOG (apply-cmvn[5.5.1182~1-e02e3]:main():apply-cmvn.cc:162) Applied cepstral mean normalization to 25 utterances, errors on 0
LOG (gmm-align-compiled[5.5.1182~1-e02e3]:main():gmm-align-compiled.cc:127) sp1.1-CEB_008-000004
LOG (gmm-align-compiled[5.5.1182~1-e02e3]:main():gmm-align-compiled.cc:127) sp1.1-CEB_008-000005
LOG (transform-feats[5.5.1182~1-e02e3]:main():transform-feats.cc:158) Overall average [pseudo-]logdet is -95.1545 over 306758 frames.
LOG (transform-feats[5.5.1182~1-e02e3]:main():transform-feats.cc:161) Applied transform to 25 utterances; 0 had errors.
LOG (transform-feats[5.5.1182~1-e02e3]:main():transform-feats.cc:158) Overall average logdet is -0.255901 over 306758 frames.
LOG (transform-feats[5.5.1182~1-e02e3]:main():transform-feats.cc:161) Applied transform to 25 utterances; 0 had errors.
LOG (gmm-align-compiled[5.5.1182~1-e02e3]:main():gmm-align-compiled.cc:127) sp1.1-CEB_008-000006
LOG (gmm-align-compiled[5.5.1182~1-e02e3]:main():gmm-align-compiled.cc:135) Overall log-likelihood per frame is -50.4446 over 306758 frames.
LOG (gmm-align-compiled[5.5.1182~1-e02e3]:main():gmm-align-compiled.cc:137) Retried 1 out of 25 utterances.
LOG (gmm-align-compiled[5.5.1182~1-e02e3]:main():gmm-align-compiled.cc:139) Done 25, errors on 0
# Accounting: time=21 threads=1
# Ended (code 0) at Thu Aug 20 11:44:53 PST 2026, elapsed time 21 seconds
