# build-tree --verbose=1 --max-leaves=2500 --cluster-thresh=-1 /home/troxyz1268/bisaya_asr/exp/tri3/treeacc /home/troxyz1268/bisaya_asr/data/lang/phones/roots.int /home/troxyz1268/bisaya_asr/exp/tri3/questions.qst /home/troxyz1268/bisaya_asr/data/lang/topo /home/troxyz1268/bisaya_asr/exp/tri3/tree 
# Started at Thu Aug 20 11:42:51 PST 2026
#
build-tree --verbose=1 --max-leaves=2500 --cluster-thresh=-1 /home/troxyz1268/bisaya_asr/exp/tri3/treeacc /home/troxyz1268/bisaya_asr/data/lang/phones/roots.int /home/troxyz1268/bisaya_asr/exp/tri3/questions.qst /home/troxyz1268/bisaya_asr/data/lang/topo /home/troxyz1268/bisaya_asr/exp/tri3/tree 
LOG (build-tree[5.5.1182~1-e02e3]:main():build-tree.cc:104) Number of separate statistics is 12853
LOG (build-tree[5.5.1182~1-e02e3]:BuildTree():build-tree.cc:161) BuildTree: before building trees, map has 29 leaves.
LOG (build-tree[5.5.1182~1-e02e3]:SplitDecisionTree():build-tree-utils.cc:575) DoDecisionTreeSplit: split 2471 times, #leaves now 2500
LOG (build-tree[5.5.1182~1-e02e3]:BuildTree():build-tree.cc:187) Setting clustering threshold to smallest split 838.25
VLOG[1] (build-tree[5.5.1182~1-e02e3]:BuildTree():build-tree.cc:196) After decision tree split, num-leaves = 2500, like-impr = 6.61378 per frame over 2.82281e+06 frames.
VLOG[1] (build-tree[5.5.1182~1-e02e3]:BuildTree():build-tree.cc:200) Including just phones that were split, improvement is 6.61378 per frame over 2.82281e+06 frames.
LOG (build-tree[5.5.1182~1-e02e3]:BuildTree():build-tree.cc:215) BuildTree: removed 481 leaves.
VLOG[1] (build-tree[5.5.1182~1-e02e3]:ClusterEventMapToNClustersRestrictedByMap():build-tree-utils.cc:912) Number of non-empty clusters in map = 29
VLOG[1] (build-tree[5.5.1182~1-e02e3]:ClusterEventMapToNClustersRestrictedByMap():build-tree-utils.cc:913) Number of non-empty clusters = 2019
LOG (build-tree[5.5.1182~1-e02e3]:BuildTree():build-tree.cc:231) BuildTree: Rounded num leaves to multiple of 8 by removing 3 leaves.
VLOG[1] (build-tree[5.5.1182~1-e02e3]:BuildTree():build-tree.cc:256) Objf change due to clustering -0.102105 per frame.
VLOG[1] (build-tree[5.5.1182~1-e02e3]:BuildTree():build-tree.cc:259) Normalizing over only split phones, this is: -0.102105 per frame.
VLOG[1] (build-tree[5.5.1182~1-e02e3]:BuildTree():build-tree.cc:262) Num-leaves is now 2016
VLOG[1] (build-tree[5.5.1182~1-e02e3]:main():build-tree.cc:143) For pdf-id 18, low count 95
VLOG[1] (build-tree[5.5.1182~1-e02e3]:main():build-tree.cc:143) For pdf-id 27, low count 64
VLOG[1] (build-tree[5.5.1182~1-e02e3]:main():build-tree.cc:143) For pdf-id 161, low count 42
VLOG[1] (build-tree[5.5.1182~1-e02e3]:main():build-tree.cc:143) For pdf-id 261, low count 61
VLOG[1] (build-tree[5.5.1182~1-e02e3]:main():build-tree.cc:143) For pdf-id 288, low count 50
VLOG[1] (build-tree[5.5.1182~1-e02e3]:main():build-tree.cc:143) For pdf-id 374, low count 68
VLOG[1] (build-tree[5.5.1182~1-e02e3]:main():build-tree.cc:143) For pdf-id 492, low count 44
VLOG[1] (build-tree[5.5.1182~1-e02e3]:main():build-tree.cc:143) For pdf-id 826, low count 95
VLOG[1] (build-tree[5.5.1182~1-e02e3]:main():build-tree.cc:143) For pdf-id 983, low count 68
VLOG[1] (build-tree[5.5.1182~1-e02e3]:main():build-tree.cc:143) For pdf-id 1112, low count 63
VLOG[1] (build-tree[5.5.1182~1-e02e3]:main():build-tree.cc:143) For pdf-id 1235, low count 49
VLOG[1] (build-tree[5.5.1182~1-e02e3]:main():build-tree.cc:143) For pdf-id 1253, low count 78
VLOG[1] (build-tree[5.5.1182~1-e02e3]:main():build-tree.cc:143) For pdf-id 1276, low count 81
VLOG[1] (build-tree[5.5.1182~1-e02e3]:main():build-tree.cc:143) For pdf-id 1277, low count 78
VLOG[1] (build-tree[5.5.1182~1-e02e3]:main():build-tree.cc:143) For pdf-id 1414, low count 63
VLOG[1] (build-tree[5.5.1182~1-e02e3]:main():build-tree.cc:143) For pdf-id 1465, low count 74
VLOG[1] (build-tree[5.5.1182~1-e02e3]:main():build-tree.cc:143) For pdf-id 1477, low count 58
VLOG[1] (build-tree[5.5.1182~1-e02e3]:main():build-tree.cc:143) For pdf-id 1537, low count 87
VLOG[1] (build-tree[5.5.1182~1-e02e3]:main():build-tree.cc:143) For pdf-id 1589, low count 81
VLOG[1] (build-tree[5.5.1182~1-e02e3]:main():build-tree.cc:143) For pdf-id 1617, low count 28
VLOG[1] (build-tree[5.5.1182~1-e02e3]:main():build-tree.cc:143) For pdf-id 1638, low count 86
LOG (build-tree[5.5.1182~1-e02e3]:main():build-tree.cc:189) Wrote tree
# Accounting: time=1 threads=1
# Ended (code 0) at Thu Aug 20 11:42:52 PST 2026, elapsed time 1 seconds
