# ali-to-post "ark:gunzip -c /home/troxyz1268/bisaya_asr/exp/tri3/ali.2.gz|" ark:- | weight-silence-post 0.0 1:2 /home/troxyz1268/bisaya_asr/exp/tri3/12.mdl ark:- ark:- | gmm-est-fmllr --fmllr-update-type=full --spk2utt=ark:/home/troxyz1268/bisaya_asr/data/train_sp/split8/2/spk2utt /home/troxyz1268/bisaya_asr/exp/tri3/12.mdl "ark,s,cs:apply-cmvn  --utt2spk=ark:/home/troxyz1268/bisaya_asr/data/train_sp/split8/2/utt2spk scp:/home/troxyz1268/bisaya_asr/data/train_sp/split8/2/cmvn.scp scp:/home/troxyz1268/bisaya_asr/data/train_sp/split8/2/feats.scp ark:- | splice-feats  ark:- ark:- | transform-feats /home/troxyz1268/bisaya_asr/exp/tri2_ali/final.mat ark:- ark:- | transform-feats --utt2spk=ark:/home/troxyz1268/bisaya_asr/data/train_sp/split8/2/utt2spk ark:/home/troxyz1268/bisaya_asr/exp/tri3/trans.2 ark:- ark:- |" ark:- ark:/home/troxyz1268/bisaya_asr/exp/tri3/tmp_trans.2 
# Started at Thu Aug 20 11:45:09 PST 2026
#
ali-to-post 'ark:gunzip -c /home/troxyz1268/bisaya_asr/exp/tri3/ali.2.gz|' ark:- 
weight-silence-post 0.0 1:2 /home/troxyz1268/bisaya_asr/exp/tri3/12.mdl ark:- ark:- 
gmm-est-fmllr --fmllr-update-type=full --spk2utt=ark:/home/troxyz1268/bisaya_asr/data/train_sp/split8/2/spk2utt /home/troxyz1268/bisaya_asr/exp/tri3/12.mdl 'ark,s,cs:apply-cmvn  --utt2spk=ark:/home/troxyz1268/bisaya_asr/data/train_sp/split8/2/utt2spk scp:/home/troxyz1268/bisaya_asr/data/train_sp/split8/2/cmvn.scp scp:/home/troxyz1268/bisaya_asr/data/train_sp/split8/2/feats.scp ark:- | splice-feats  ark:- ark:- | transform-feats /home/troxyz1268/bisaya_asr/exp/tri2_ali/final.mat ark:- ark:- | transform-feats --utt2spk=ark:/home/troxyz1268/bisaya_asr/data/train_sp/split8/2/utt2spk ark:/home/troxyz1268/bisaya_asr/exp/tri3/trans.2 ark:- ark:- |' ark:- ark:/home/troxyz1268/bisaya_asr/exp/tri3/tmp_trans.2 
transform-feats --utt2spk=ark:/home/troxyz1268/bisaya_asr/data/train_sp/split8/2/utt2spk ark:/home/troxyz1268/bisaya_asr/exp/tri3/trans.2 ark:- ark:- 
splice-feats ark:- ark:- 
apply-cmvn --utt2spk=ark:/home/troxyz1268/bisaya_asr/data/train_sp/split8/2/utt2spk scp:/home/troxyz1268/bisaya_asr/data/train_sp/split8/2/cmvn.scp scp:/home/troxyz1268/bisaya_asr/data/train_sp/split8/2/feats.scp ark:- 
transform-feats /home/troxyz1268/bisaya_asr/exp/tri2_ali/final.mat ark:- ark:- 
LOG (gmm-est-fmllr[5.5.1182~1-e02e3]:ComputeFmllrMatrixDiagGmmFull():fmllr-diag-gmm.cc:262) fMLLR objf improvement is 0.0542336 per frame over 135131 frames.
LOG (gmm-est-fmllr[5.5.1182~1-e02e3]:main():gmm-est-fmllr.cc:143) For speaker CEB_007, auxf-impr from fMLLR is 0.0542336, over 135131 frames.
LOG (gmm-est-fmllr[5.5.1182~1-e02e3]:ComputeFmllrMatrixDiagGmmFull():fmllr-diag-gmm.cc:262) fMLLR objf improvement is 0.0539232 per frame over 83343 frames.
LOG (gmm-est-fmllr[5.5.1182~1-e02e3]:main():gmm-est-fmllr.cc:143) For speaker CEB_008, auxf-impr from fMLLR is 0.0539232, over 83343 frames.
LOG (gmm-est-fmllr[5.5.1182~1-e02e3]:ComputeFmllrMatrixDiagGmmFull():fmllr-diag-gmm.cc:262) fMLLR objf improvement is 0.063606 per frame over 45558 frames.
LOG (gmm-est-fmllr[5.5.1182~1-e02e3]:main():gmm-est-fmllr.cc:143) For speaker CEB_009, auxf-impr from fMLLR is 0.063606, over 45558 frames.
LOG (apply-cmvn[5.5.1182~1-e02e3]:main():apply-cmvn.cc:162) Applied cepstral mean normalization to 24 utterances, errors on 0
LOG (transform-feats[5.5.1182~1-e02e3]:main():transform-feats.cc:158) Overall average [pseudo-]logdet is -95.1545 over 367222 frames.
LOG (transform-feats[5.5.1182~1-e02e3]:main():transform-feats.cc:161) Applied transform to 24 utterances; 0 had errors.
LOG (ali-to-post[5.5.1182~1-e02e3]:main():ali-to-post.cc:73) Converted 24 alignments.
LOG (transform-feats[5.5.1182~1-e02e3]:main():transform-feats.cc:158) Overall average logdet is 0.501643 over 367222 frames.
LOG (transform-feats[5.5.1182~1-e02e3]:main():transform-feats.cc:161) Applied transform to 24 utterances; 0 had errors.
LOG (weight-silence-post[5.5.1182~1-e02e3]:main():weight-silence-post.cc:95) Done 24 posteriors.
LOG (gmm-est-fmllr[5.5.1182~1-e02e3]:ComputeFmllrMatrixDiagGmmFull():fmllr-diag-gmm.cc:262) fMLLR objf improvement is 0.0906373 per frame over 24126 frames.
LOG (gmm-est-fmllr[5.5.1182~1-e02e3]:main():gmm-est-fmllr.cc:143) For speaker CEB_011, auxf-impr from fMLLR is 0.0906373, over 24126 frames.
LOG (gmm-est-fmllr[5.5.1182~1-e02e3]:main():gmm-est-fmllr.cc:188) Done 24 files, 0 with no posts, 0 with other errors.
LOG (gmm-est-fmllr[5.5.1182~1-e02e3]:main():gmm-est-fmllr.cc:190) Overall fMLLR auxf impr per frame is 0.0586735 over 288158 frames.
# Accounting: time=14 threads=1
# Ended (code 0) at Thu Aug 20 11:45:23 PST 2026, elapsed time 14 seconds
