# ali-to-post "ark:gunzip -c /home/troxyz1268/bisaya_asr/exp/tri3/ali.1.gz|" ark:- | weight-silence-post 0.0 1:2 /home/troxyz1268/bisaya_asr/exp/tri3/12.mdl ark:- ark:- | gmm-est-fmllr --fmllr-update-type=full --spk2utt=ark:/home/troxyz1268/bisaya_asr/data/train_sp/split8/1/spk2utt /home/troxyz1268/bisaya_asr/exp/tri3/12.mdl "ark,s,cs:apply-cmvn  --utt2spk=ark:/home/troxyz1268/bisaya_asr/data/train_sp/split8/1/utt2spk scp:/home/troxyz1268/bisaya_asr/data/train_sp/split8/1/cmvn.scp scp:/home/troxyz1268/bisaya_asr/data/train_sp/split8/1/feats.scp ark:- | splice-feats  ark:- ark:- | transform-feats /home/troxyz1268/bisaya_asr/exp/tri2_ali/final.mat ark:- ark:- | transform-feats --utt2spk=ark:/home/troxyz1268/bisaya_asr/data/train_sp/split8/1/utt2spk ark:/home/troxyz1268/bisaya_asr/exp/tri3/trans.1 ark:- ark:- |" ark:- ark:/home/troxyz1268/bisaya_asr/exp/tri3/tmp_trans.1 
# Started at Thu Aug 20 11:45:09 PST 2026
#
weight-silence-post 0.0 1:2 /home/troxyz1268/bisaya_asr/exp/tri3/12.mdl ark:- ark:- 
ali-to-post 'ark:gunzip -c /home/troxyz1268/bisaya_asr/exp/tri3/ali.1.gz|' ark:- 
gmm-est-fmllr --fmllr-update-type=full --spk2utt=ark:/home/troxyz1268/bisaya_asr/data/train_sp/split8/1/spk2utt /home/troxyz1268/bisaya_asr/exp/tri3/12.mdl 'ark,s,cs:apply-cmvn  --utt2spk=ark:/home/troxyz1268/bisaya_asr/data/train_sp/split8/1/utt2spk scp:/home/troxyz1268/bisaya_asr/data/train_sp/split8/1/cmvn.scp scp:/home/troxyz1268/bisaya_asr/data/train_sp/split8/1/feats.scp ark:- | splice-feats  ark:- ark:- | transform-feats /home/troxyz1268/bisaya_asr/exp/tri2_ali/final.mat ark:- ark:- | transform-feats --utt2spk=ark:/home/troxyz1268/bisaya_asr/data/train_sp/split8/1/utt2spk ark:/home/troxyz1268/bisaya_asr/exp/tri3/trans.1 ark:- ark:- |' ark:- ark:/home/troxyz1268/bisaya_asr/exp/tri3/tmp_trans.1 
apply-cmvn --utt2spk=ark:/home/troxyz1268/bisaya_asr/data/train_sp/split8/1/utt2spk scp:/home/troxyz1268/bisaya_asr/data/train_sp/split8/1/cmvn.scp scp:/home/troxyz1268/bisaya_asr/data/train_sp/split8/1/feats.scp ark:- 
splice-feats ark:- ark:- 
transform-feats /home/troxyz1268/bisaya_asr/exp/tri2_ali/final.mat ark:- ark:- 
transform-feats --utt2spk=ark:/home/troxyz1268/bisaya_asr/data/train_sp/split8/1/utt2spk ark:/home/troxyz1268/bisaya_asr/exp/tri3/trans.1 ark:- ark:- 
LOG (gmm-est-fmllr[5.5.1182~1-e02e3]:ComputeFmllrMatrixDiagGmmFull():fmllr-diag-gmm.cc:262) fMLLR objf improvement is 0.0769616 per frame over 19418 frames.
LOG (gmm-est-fmllr[5.5.1182~1-e02e3]:main():gmm-est-fmllr.cc:143) For speaker CEB_002, auxf-impr from fMLLR is 0.0769616, over 19418 frames.
LOG (gmm-est-fmllr[5.5.1182~1-e02e3]:ComputeFmllrMatrixDiagGmmFull():fmllr-diag-gmm.cc:262) fMLLR objf improvement is 0.0436 per frame over 102239 frames.
LOG (gmm-est-fmllr[5.5.1182~1-e02e3]:main():gmm-est-fmllr.cc:143) For speaker CEB_003, auxf-impr from fMLLR is 0.0436, over 102239 frames.
LOG (gmm-est-fmllr[5.5.1182~1-e02e3]:ComputeFmllrMatrixDiagGmmFull():fmllr-diag-gmm.cc:262) fMLLR objf improvement is 0.0572879 per frame over 56780 frames.
LOG (gmm-est-fmllr[5.5.1182~1-e02e3]:main():gmm-est-fmllr.cc:143) For speaker CEB_004, auxf-impr from fMLLR is 0.0572879, over 56780 frames.
LOG (gmm-est-fmllr[5.5.1182~1-e02e3]:ComputeFmllrMatrixDiagGmmFull():fmllr-diag-gmm.cc:262) fMLLR objf improvement is 0.0595649 per frame over 24073 frames.
LOG (gmm-est-fmllr[5.5.1182~1-e02e3]:main():gmm-est-fmllr.cc:143) For speaker CEB_005, auxf-impr from fMLLR is 0.0595649, over 24073 frames.
LOG (ali-to-post[5.5.1182~1-e02e3]:main():ali-to-post.cc:73) Converted 29 alignments.
LOG (apply-cmvn[5.5.1182~1-e02e3]:main():apply-cmvn.cc:162) Applied cepstral mean normalization to 29 utterances, errors on 0
LOG (transform-feats[5.5.1182~1-e02e3]:main():transform-feats.cc:158) Overall average [pseudo-]logdet is -95.1545 over 295036 frames.
LOG (weight-silence-post[5.5.1182~1-e02e3]:main():weight-silence-post.cc:95) Done 29 posteriors.
LOG (transform-feats[5.5.1182~1-e02e3]:main():transform-feats.cc:161) Applied transform to 29 utterances; 0 had errors.
LOG (transform-feats[5.5.1182~1-e02e3]:main():transform-feats.cc:158) Overall average logdet is 6.875 over 295036 frames.
LOG (transform-feats[5.5.1182~1-e02e3]:main():transform-feats.cc:161) Applied transform to 29 utterances; 0 had errors.
LOG (gmm-est-fmllr[5.5.1182~1-e02e3]:ComputeFmllrMatrixDiagGmmFull():fmllr-diag-gmm.cc:262) fMLLR objf improvement is 0.0663879 per frame over 13866 frames.
LOG (gmm-est-fmllr[5.5.1182~1-e02e3]:main():gmm-est-fmllr.cc:143) For speaker CEB_006, auxf-impr from fMLLR is 0.0663879, over 13866 frames.
LOG (gmm-est-fmllr[5.5.1182~1-e02e3]:main():gmm-est-fmllr.cc:188) Done 29 files, 0 with no posts, 0 with other errors.
LOG (gmm-est-fmllr[5.5.1182~1-e02e3]:main():gmm-est-fmllr.cc:190) Overall fMLLR auxf impr per frame is 0.0534223 over 216376 frames.
# Accounting: time=11 threads=1
# Ended (code 0) at Thu Aug 20 11:45:20 PST 2026, elapsed time 11 seconds
