# ali-to-post "ark:gunzip -c /home/troxyz1268/bisaya_asr/exp/tri3/ali.2.gz|" ark:- | weight-silence-post 0.0 1:2 /home/troxyz1268/bisaya_asr/exp/tri3/2.mdl ark:- ark:- | gmm-est-fmllr --fmllr-update-type=full --spk2utt=ark:/home/troxyz1268/bisaya_asr/data/train_sp/split8/2/spk2utt /home/troxyz1268/bisaya_asr/exp/tri3/2.mdl "ark,s,cs:apply-cmvn  --utt2spk=ark:/home/troxyz1268/bisaya_asr/data/train_sp/split8/2/utt2spk scp:/home/troxyz1268/bisaya_asr/data/train_sp/split8/2/cmvn.scp scp:/home/troxyz1268/bisaya_asr/data/train_sp/split8/2/feats.scp ark:- | splice-feats  ark:- ark:- | transform-feats /home/troxyz1268/bisaya_asr/exp/tri2_ali/final.mat ark:- ark:- | transform-feats --utt2spk=ark:/home/troxyz1268/bisaya_asr/data/train_sp/split8/2/utt2spk ark,s,cs:/home/troxyz1268/bisaya_asr/exp/tri3/trans.2 ark:- ark:- |" ark:- ark:/home/troxyz1268/bisaya_asr/exp/tri3/tmp_trans.2 
# Started at Thu Aug 20 11:43:04 PST 2026
#
weight-silence-post 0.0 1:2 /home/troxyz1268/bisaya_asr/exp/tri3/2.mdl ark:- ark:- 
ali-to-post 'ark:gunzip -c /home/troxyz1268/bisaya_asr/exp/tri3/ali.2.gz|' ark:- 
gmm-est-fmllr --fmllr-update-type=full --spk2utt=ark:/home/troxyz1268/bisaya_asr/data/train_sp/split8/2/spk2utt /home/troxyz1268/bisaya_asr/exp/tri3/2.mdl 'ark,s,cs:apply-cmvn  --utt2spk=ark:/home/troxyz1268/bisaya_asr/data/train_sp/split8/2/utt2spk scp:/home/troxyz1268/bisaya_asr/data/train_sp/split8/2/cmvn.scp scp:/home/troxyz1268/bisaya_asr/data/train_sp/split8/2/feats.scp ark:- | splice-feats  ark:- ark:- | transform-feats /home/troxyz1268/bisaya_asr/exp/tri2_ali/final.mat ark:- ark:- | transform-feats --utt2spk=ark:/home/troxyz1268/bisaya_asr/data/train_sp/split8/2/utt2spk ark,s,cs:/home/troxyz1268/bisaya_asr/exp/tri3/trans.2 ark:- ark:- |' ark:- ark:/home/troxyz1268/bisaya_asr/exp/tri3/tmp_trans.2 
transform-feats /home/troxyz1268/bisaya_asr/exp/tri2_ali/final.mat ark:- ark:- 
transform-feats --utt2spk=ark:/home/troxyz1268/bisaya_asr/data/train_sp/split8/2/utt2spk ark,s,cs:/home/troxyz1268/bisaya_asr/exp/tri3/trans.2 ark:- ark:- 
apply-cmvn --utt2spk=ark:/home/troxyz1268/bisaya_asr/data/train_sp/split8/2/utt2spk scp:/home/troxyz1268/bisaya_asr/data/train_sp/split8/2/cmvn.scp scp:/home/troxyz1268/bisaya_asr/data/train_sp/split8/2/feats.scp ark:- 
splice-feats ark:- ark:- 
LOG (gmm-est-fmllr[5.5.1182~1-e02e3]:ComputeFmllrMatrixDiagGmmFull():fmllr-diag-gmm.cc:262) fMLLR objf improvement is 3.21003 per frame over 135263 frames.
LOG (gmm-est-fmllr[5.5.1182~1-e02e3]:main():gmm-est-fmllr.cc:143) For speaker CEB_007, auxf-impr from fMLLR is 3.21003, over 135263 frames.
LOG (gmm-est-fmllr[5.5.1182~1-e02e3]:ComputeFmllrMatrixDiagGmmFull():fmllr-diag-gmm.cc:262) fMLLR objf improvement is 1.60736 per frame over 82930 frames.
LOG (gmm-est-fmllr[5.5.1182~1-e02e3]:main():gmm-est-fmllr.cc:143) For speaker CEB_008, auxf-impr from fMLLR is 1.60736, over 82930 frames.
LOG (gmm-est-fmllr[5.5.1182~1-e02e3]:ComputeFmllrMatrixDiagGmmFull():fmllr-diag-gmm.cc:262) fMLLR objf improvement is 2.09819 per frame over 45253 frames.
LOG (gmm-est-fmllr[5.5.1182~1-e02e3]:main():gmm-est-fmllr.cc:143) For speaker CEB_009, auxf-impr from fMLLR is 2.09819, over 45253 frames.
LOG (apply-cmvn[5.5.1182~1-e02e3]:main():apply-cmvn.cc:162) Applied cepstral mean normalization to 24 utterances, errors on 0
LOG (transform-feats[5.5.1182~1-e02e3]:main():transform-feats.cc:158) Overall average [pseudo-]logdet is -95.1545 over 367222 frames.
LOG (transform-feats[5.5.1182~1-e02e3]:main():transform-feats.cc:161) Applied transform to 24 utterances; 0 had errors.
LOG (ali-to-post[5.5.1182~1-e02e3]:main():ali-to-post.cc:73) Converted 24 alignments.
LOG (transform-feats[5.5.1182~1-e02e3]:main():transform-feats.cc:158) Overall average logdet is 1.39796 over 367222 frames.
LOG (transform-feats[5.5.1182~1-e02e3]:main():transform-feats.cc:161) Applied transform to 24 utterances; 0 had errors.
LOG (weight-silence-post[5.5.1182~1-e02e3]:main():weight-silence-post.cc:95) Done 24 posteriors.
LOG (gmm-est-fmllr[5.5.1182~1-e02e3]:ComputeFmllrMatrixDiagGmmFull():fmllr-diag-gmm.cc:262) fMLLR objf improvement is 5.68922 per frame over 23963 frames.
LOG (gmm-est-fmllr[5.5.1182~1-e02e3]:main():gmm-est-fmllr.cc:143) For speaker CEB_011, auxf-impr from fMLLR is 5.68922, over 23963 frames.
LOG (gmm-est-fmllr[5.5.1182~1-e02e3]:main():gmm-est-fmllr.cc:188) Done 24 files, 0 with no posts, 0 with other errors.
LOG (gmm-est-fmllr[5.5.1182~1-e02e3]:main():gmm-est-fmllr.cc:190) Overall fMLLR auxf impr per frame is 2.77923 over 287409 frames.
# Accounting: time=16 threads=1
# Ended (code 0) at Thu Aug 20 11:43:20 PST 2026, elapsed time 16 seconds
