# ali-to-post "ark:gunzip -c /home/troxyz1268/bisaya_asr/exp/tri2_ali/ali.1.gz|" ark:- | weight-silence-post 0.0 1:2 /home/troxyz1268/bisaya_asr/exp/tri2_ali/final.mdl ark:- ark:- | gmm-est-fmllr --fmllr-update-type=full --spk2utt=ark:/home/troxyz1268/bisaya_asr/data/train_sp/split8/1/spk2utt /home/troxyz1268/bisaya_asr/exp/tri2_ali/final.mdl "ark,s,cs:apply-cmvn  --utt2spk=ark:/home/troxyz1268/bisaya_asr/data/train_sp/split8/1/utt2spk scp:/home/troxyz1268/bisaya_asr/data/train_sp/split8/1/cmvn.scp scp:/home/troxyz1268/bisaya_asr/data/train_sp/split8/1/feats.scp ark:- | splice-feats  ark:- ark:- | transform-feats /home/troxyz1268/bisaya_asr/exp/tri2_ali/final.mat ark:- ark:- |" ark:- ark:/home/troxyz1268/bisaya_asr/exp/tri3/trans.1 
# Started at Thu Aug 20 11:42:31 PST 2026
#
ali-to-post 'ark:gunzip -c /home/troxyz1268/bisaya_asr/exp/tri2_ali/ali.1.gz|' ark:- 
weight-silence-post 0.0 1:2 /home/troxyz1268/bisaya_asr/exp/tri2_ali/final.mdl ark:- ark:- 
gmm-est-fmllr --fmllr-update-type=full --spk2utt=ark:/home/troxyz1268/bisaya_asr/data/train_sp/split8/1/spk2utt /home/troxyz1268/bisaya_asr/exp/tri2_ali/final.mdl 'ark,s,cs:apply-cmvn  --utt2spk=ark:/home/troxyz1268/bisaya_asr/data/train_sp/split8/1/utt2spk scp:/home/troxyz1268/bisaya_asr/data/train_sp/split8/1/cmvn.scp scp:/home/troxyz1268/bisaya_asr/data/train_sp/split8/1/feats.scp ark:- | splice-feats  ark:- ark:- | transform-feats /home/troxyz1268/bisaya_asr/exp/tri2_ali/final.mat ark:- ark:- |' ark:- ark:/home/troxyz1268/bisaya_asr/exp/tri3/trans.1 
splice-feats ark:- ark:- 
apply-cmvn --utt2spk=ark:/home/troxyz1268/bisaya_asr/data/train_sp/split8/1/utt2spk scp:/home/troxyz1268/bisaya_asr/data/train_sp/split8/1/cmvn.scp scp:/home/troxyz1268/bisaya_asr/data/train_sp/split8/1/feats.scp ark:- 
transform-feats /home/troxyz1268/bisaya_asr/exp/tri2_ali/final.mat ark:- ark:- 
LOG (gmm-est-fmllr[5.5.1182~1-e02e3]:ComputeFmllrMatrixDiagGmmFull():fmllr-diag-gmm.cc:262) fMLLR objf improvement is 2.86423 per frame over 19205 frames.
LOG (gmm-est-fmllr[5.5.1182~1-e02e3]:main():gmm-est-fmllr.cc:143) For speaker CEB_002, auxf-impr from fMLLR is 2.86423, over 19205 frames.
LOG (gmm-est-fmllr[5.5.1182~1-e02e3]:ComputeFmllrMatrixDiagGmmFull():fmllr-diag-gmm.cc:262) fMLLR objf improvement is 0.966618 per frame over 101715 frames.
LOG (gmm-est-fmllr[5.5.1182~1-e02e3]:main():gmm-est-fmllr.cc:143) For speaker CEB_003, auxf-impr from fMLLR is 0.966618, over 101715 frames.
LOG (gmm-est-fmllr[5.5.1182~1-e02e3]:ComputeFmllrMatrixDiagGmmFull():fmllr-diag-gmm.cc:262) fMLLR objf improvement is 1.42007 per frame over 56801 frames.
LOG (gmm-est-fmllr[5.5.1182~1-e02e3]:main():gmm-est-fmllr.cc:143) For speaker CEB_004, auxf-impr from fMLLR is 1.42007, over 56801 frames.
LOG (gmm-est-fmllr[5.5.1182~1-e02e3]:ComputeFmllrMatrixDiagGmmFull():fmllr-diag-gmm.cc:262) fMLLR objf improvement is 1.81388 per frame over 24084 frames.
LOG (gmm-est-fmllr[5.5.1182~1-e02e3]:main():gmm-est-fmllr.cc:143) For speaker CEB_005, auxf-impr from fMLLR is 1.81388, over 24084 frames.
LOG (ali-to-post[5.5.1182~1-e02e3]:main():ali-to-post.cc:73) Converted 29 alignments.
LOG (apply-cmvn[5.5.1182~1-e02e3]:main():apply-cmvn.cc:162) Applied cepstral mean normalization to 29 utterances, errors on 0
LOG (weight-silence-post[5.5.1182~1-e02e3]:main():weight-silence-post.cc:95) Done 29 posteriors.
LOG (transform-feats[5.5.1182~1-e02e3]:main():transform-feats.cc:158) Overall average [pseudo-]logdet is -95.1545 over 295036 frames.
LOG (transform-feats[5.5.1182~1-e02e3]:main():transform-feats.cc:161) Applied transform to 29 utterances; 0 had errors.
LOG (gmm-est-fmllr[5.5.1182~1-e02e3]:ComputeFmllrMatrixDiagGmmFull():fmllr-diag-gmm.cc:262) fMLLR objf improvement is 2.35202 per frame over 13785 frames.
LOG (gmm-est-fmllr[5.5.1182~1-e02e3]:main():gmm-est-fmllr.cc:143) For speaker CEB_006, auxf-impr from fMLLR is 2.35202, over 13785 frames.
LOG (gmm-est-fmllr[5.5.1182~1-e02e3]:main():gmm-est-fmllr.cc:188) Done 29 files, 0 with no posts, 0 with other errors.
LOG (gmm-est-fmllr[5.5.1182~1-e02e3]:main():gmm-est-fmllr.cc:190) Overall fMLLR auxf impr per frame is 1.43836 over 215590 frames.
# Accounting: time=14 threads=1
# Ended (code 0) at Thu Aug 20 11:42:45 PST 2026, elapsed time 14 seconds
