# ali-to-post "ark:gunzip -c /home/troxyz1268/bisaya_asr/exp/tri2_ali/ali.6.gz|" ark:- | weight-silence-post 0.0 1:2 /home/troxyz1268/bisaya_asr/exp/tri2_ali/final.mdl ark:- ark:- | gmm-est-fmllr --fmllr-update-type=full --spk2utt=ark:/home/troxyz1268/bisaya_asr/data/train_sp/split8/6/spk2utt /home/troxyz1268/bisaya_asr/exp/tri2_ali/final.mdl "ark,s,cs:apply-cmvn  --utt2spk=ark:/home/troxyz1268/bisaya_asr/data/train_sp/split8/6/utt2spk scp:/home/troxyz1268/bisaya_asr/data/train_sp/split8/6/cmvn.scp scp:/home/troxyz1268/bisaya_asr/data/train_sp/split8/6/feats.scp ark:- | splice-feats  ark:- ark:- | transform-feats /home/troxyz1268/bisaya_asr/exp/tri2_ali/final.mat ark:- ark:- |" ark:- ark:/home/troxyz1268/bisaya_asr/exp/tri3/trans.6 
# Started at Thu Aug 20 11:42:32 PST 2026
#
gmm-est-fmllr --fmllr-update-type=full --spk2utt=ark:/home/troxyz1268/bisaya_asr/data/train_sp/split8/6/spk2utt /home/troxyz1268/bisaya_asr/exp/tri2_ali/final.mdl 'ark,s,cs:apply-cmvn  --utt2spk=ark:/home/troxyz1268/bisaya_asr/data/train_sp/split8/6/utt2spk scp:/home/troxyz1268/bisaya_asr/data/train_sp/split8/6/cmvn.scp scp:/home/troxyz1268/bisaya_asr/data/train_sp/split8/6/feats.scp ark:- | splice-feats  ark:- ark:- | transform-feats /home/troxyz1268/bisaya_asr/exp/tri2_ali/final.mat ark:- ark:- |' ark:- ark:/home/troxyz1268/bisaya_asr/exp/tri3/trans.6 
weight-silence-post 0.0 1:2 /home/troxyz1268/bisaya_asr/exp/tri2_ali/final.mdl ark:- ark:- 
ali-to-post 'ark:gunzip -c /home/troxyz1268/bisaya_asr/exp/tri2_ali/ali.6.gz|' ark:- 
apply-cmvn --utt2spk=ark:/home/troxyz1268/bisaya_asr/data/train_sp/split8/6/utt2spk scp:/home/troxyz1268/bisaya_asr/data/train_sp/split8/6/cmvn.scp scp:/home/troxyz1268/bisaya_asr/data/train_sp/split8/6/feats.scp ark:- 
transform-feats /home/troxyz1268/bisaya_asr/exp/tri2_ali/final.mat ark:- ark:- 
splice-feats ark:- ark:- 
LOG (gmm-est-fmllr[5.5.1182~1-e02e3]:ComputeFmllrMatrixDiagGmmFull():fmllr-diag-gmm.cc:262) fMLLR objf improvement is 2.17733 per frame over 60172 frames.
LOG (gmm-est-fmllr[5.5.1182~1-e02e3]:main():gmm-est-fmllr.cc:143) For speaker sp0.9-CEB_014, auxf-impr from fMLLR is 2.17733, over 60172 frames.
LOG (gmm-est-fmllr[5.5.1182~1-e02e3]:ComputeFmllrMatrixDiagGmmFull():fmllr-diag-gmm.cc:262) fMLLR objf improvement is 1.91203 per frame over 149299 frames.
LOG (gmm-est-fmllr[5.5.1182~1-e02e3]:main():gmm-est-fmllr.cc:143) For speaker sp0.9-CEB_015, auxf-impr from fMLLR is 1.91203, over 149299 frames.
LOG (gmm-est-fmllr[5.5.1182~1-e02e3]:ComputeFmllrMatrixDiagGmmFull():fmllr-diag-gmm.cc:262) fMLLR objf improvement is 3.13781 per frame over 17504 frames.
LOG (gmm-est-fmllr[5.5.1182~1-e02e3]:main():gmm-est-fmllr.cc:143) For speaker sp1.1-CEB_002, auxf-impr from fMLLR is 3.13781, over 17504 frames.
LOG (gmm-est-fmllr[5.5.1182~1-e02e3]:ComputeFmllrMatrixDiagGmmFull():fmllr-diag-gmm.cc:262) fMLLR objf improvement is 2.01369 per frame over 92618 frames.
LOG (gmm-est-fmllr[5.5.1182~1-e02e3]:main():gmm-est-fmllr.cc:143) For speaker sp1.1-CEB_003, auxf-impr from fMLLR is 2.01369, over 92618 frames.
LOG (apply-cmvn[5.5.1182~1-e02e3]:main():apply-cmvn.cc:162) Applied cepstral mean normalization to 29 utterances, errors on 0
LOG (ali-to-post[5.5.1182~1-e02e3]:main():ali-to-post.cc:73) Converted 29 alignments.
LOG (transform-feats[5.5.1182~1-e02e3]:main():transform-feats.cc:158) Overall average [pseudo-]logdet is -95.1545 over 484565 frames.
LOG (transform-feats[5.5.1182~1-e02e3]:main():transform-feats.cc:161) Applied transform to 29 utterances; 0 had errors.
LOG (weight-silence-post[5.5.1182~1-e02e3]:main():weight-silence-post.cc:95) Done 29 posteriors.
LOG (gmm-est-fmllr[5.5.1182~1-e02e3]:ComputeFmllrMatrixDiagGmmFull():fmllr-diag-gmm.cc:262) fMLLR objf improvement is 2.82378 per frame over 51646 frames.
LOG (gmm-est-fmllr[5.5.1182~1-e02e3]:main():gmm-est-fmllr.cc:143) For speaker sp1.1-CEB_004, auxf-impr from fMLLR is 2.82378, over 51646 frames.
LOG (gmm-est-fmllr[5.5.1182~1-e02e3]:main():gmm-est-fmllr.cc:188) Done 29 files, 0 with no posts, 0 with other errors.
LOG (gmm-est-fmllr[5.5.1182~1-e02e3]:main():gmm-est-fmllr.cc:190) Overall fMLLR auxf impr per frame is 2.16503 over 371239 frames.
# Accounting: time=16 threads=1
# Ended (code 0) at Thu Aug 20 11:42:48 PST 2026, elapsed time 16 seconds
