# ali-to-post "ark:gunzip -c /home/troxyz1268/bisaya_asr/exp/tri2_ali/ali.5.gz|" ark:- | weight-silence-post 0.0 1:2 /home/troxyz1268/bisaya_asr/exp/tri2_ali/final.mdl ark:- ark:- | gmm-est-fmllr --fmllr-update-type=full --spk2utt=ark:/home/troxyz1268/bisaya_asr/data/train_sp/split8/5/spk2utt /home/troxyz1268/bisaya_asr/exp/tri2_ali/final.mdl "ark,s,cs:apply-cmvn  --utt2spk=ark:/home/troxyz1268/bisaya_asr/data/train_sp/split8/5/utt2spk scp:/home/troxyz1268/bisaya_asr/data/train_sp/split8/5/cmvn.scp scp:/home/troxyz1268/bisaya_asr/data/train_sp/split8/5/feats.scp ark:- | splice-feats  ark:- ark:- | transform-feats /home/troxyz1268/bisaya_asr/exp/tri2_ali/final.mat ark:- ark:- |" ark:- ark:/home/troxyz1268/bisaya_asr/exp/tri3/trans.5 
# Started at Thu Aug 20 11:42:31 PST 2026
#
gmm-est-fmllr --fmllr-update-type=full --spk2utt=ark:/home/troxyz1268/bisaya_asr/data/train_sp/split8/5/spk2utt /home/troxyz1268/bisaya_asr/exp/tri2_ali/final.mdl 'ark,s,cs:apply-cmvn  --utt2spk=ark:/home/troxyz1268/bisaya_asr/data/train_sp/split8/5/utt2spk scp:/home/troxyz1268/bisaya_asr/data/train_sp/split8/5/cmvn.scp scp:/home/troxyz1268/bisaya_asr/data/train_sp/split8/5/feats.scp ark:- | splice-feats  ark:- ark:- | transform-feats /home/troxyz1268/bisaya_asr/exp/tri2_ali/final.mat ark:- ark:- |' ark:- ark:/home/troxyz1268/bisaya_asr/exp/tri3/trans.5 
ali-to-post 'ark:gunzip -c /home/troxyz1268/bisaya_asr/exp/tri2_ali/ali.5.gz|' ark:- 
weight-silence-post 0.0 1:2 /home/troxyz1268/bisaya_asr/exp/tri2_ali/final.mdl ark:- ark:- 
splice-feats ark:- ark:- 
transform-feats /home/troxyz1268/bisaya_asr/exp/tri2_ali/final.mat ark:- ark:- 
apply-cmvn --utt2spk=ark:/home/troxyz1268/bisaya_asr/data/train_sp/split8/5/utt2spk scp:/home/troxyz1268/bisaya_asr/data/train_sp/split8/5/cmvn.scp scp:/home/troxyz1268/bisaya_asr/data/train_sp/split8/5/feats.scp ark:- 
LOG (gmm-est-fmllr[5.5.1182~1-e02e3]:ComputeFmllrMatrixDiagGmmFull():fmllr-diag-gmm.cc:262) fMLLR objf improvement is 1.86364 per frame over 91375 frames.
LOG (gmm-est-fmllr[5.5.1182~1-e02e3]:main():gmm-est-fmllr.cc:143) For speaker sp0.9-CEB_008, auxf-impr from fMLLR is 1.86364, over 91375 frames.
LOG (gmm-est-fmllr[5.5.1182~1-e02e3]:ComputeFmllrMatrixDiagGmmFull():fmllr-diag-gmm.cc:262) fMLLR objf improvement is 2.91007 per frame over 49847 frames.
LOG (gmm-est-fmllr[5.5.1182~1-e02e3]:main():gmm-est-fmllr.cc:143) For speaker sp0.9-CEB_009, auxf-impr from fMLLR is 2.91007, over 49847 frames.
LOG (gmm-est-fmllr[5.5.1182~1-e02e3]:ComputeFmllrMatrixDiagGmmFull():fmllr-diag-gmm.cc:262) fMLLR objf improvement is 3.2106 per frame over 26592 frames.
LOG (gmm-est-fmllr[5.5.1182~1-e02e3]:main():gmm-est-fmllr.cc:143) For speaker sp0.9-CEB_011, auxf-impr from fMLLR is 3.2106, over 26592 frames.
LOG (apply-cmvn[5.5.1182~1-e02e3]:main():apply-cmvn.cc:162) Applied cepstral mean normalization to 24 utterances, errors on 0
LOG (ali-to-post[5.5.1182~1-e02e3]:main():ali-to-post.cc:73) Converted 24 alignments.
LOG (transform-feats[5.5.1182~1-e02e3]:main():transform-feats.cc:158) Overall average [pseudo-]logdet is -95.1545 over 271617 frames.
LOG (transform-feats[5.5.1182~1-e02e3]:main():transform-feats.cc:161) Applied transform to 24 utterances; 0 had errors.
LOG (weight-silence-post[5.5.1182~1-e02e3]:main():weight-silence-post.cc:95) Done 24 posteriors.
LOG (gmm-est-fmllr[5.5.1182~1-e02e3]:ComputeFmllrMatrixDiagGmmFull():fmllr-diag-gmm.cc:262) fMLLR objf improvement is 4.46886 per frame over 25636 frames.
LOG (gmm-est-fmllr[5.5.1182~1-e02e3]:main():gmm-est-fmllr.cc:143) For speaker sp0.9-CEB_013, auxf-impr from fMLLR is 4.46886, over 25636 frames.
LOG (gmm-est-fmllr[5.5.1182~1-e02e3]:main():gmm-est-fmllr.cc:188) Done 24 files, 0 with no posts, 0 with other errors.
LOG (gmm-est-fmllr[5.5.1182~1-e02e3]:main():gmm-est-fmllr.cc:190) Overall fMLLR auxf impr per frame is 2.66368 over 193450 frames.
# Accounting: time=12 threads=1
# Ended (code 0) at Thu Aug 20 11:42:44 PST 2026, elapsed time 12 seconds
