# gmm-est --power=0.2 --write-occs=/home/troxyz1268/bisaya_asr/exp/tri3/14.occs --mix-up=8500 /home/troxyz1268/bisaya_asr/exp/tri3/13.mdl "gmm-sum-accs - /home/troxyz1268/bisaya_asr/exp/tri3/13.*.acc |" /home/troxyz1268/bisaya_asr/exp/tri3/14.mdl 
# Started at Thu Aug 20 11:45:34 PST 2026
#
gmm-est --power=0.2 --write-occs=/home/troxyz1268/bisaya_asr/exp/tri3/14.occs --mix-up=8500 /home/troxyz1268/bisaya_asr/exp/tri3/13.mdl 'gmm-sum-accs - /home/troxyz1268/bisaya_asr/exp/tri3/13.*.acc |' /home/troxyz1268/bisaya_asr/exp/tri3/14.mdl 
gmm-sum-accs - /home/troxyz1268/bisaya_asr/exp/tri3/13.1.acc /home/troxyz1268/bisaya_asr/exp/tri3/13.2.acc /home/troxyz1268/bisaya_asr/exp/tri3/13.3.acc /home/troxyz1268/bisaya_asr/exp/tri3/13.4.acc /home/troxyz1268/bisaya_asr/exp/tri3/13.5.acc /home/troxyz1268/bisaya_asr/exp/tri3/13.6.acc /home/troxyz1268/bisaya_asr/exp/tri3/13.7.acc /home/troxyz1268/bisaya_asr/exp/tri3/13.8.acc 
LOG (gmm-sum-accs[5.5.1182~1-e02e3]:main():gmm-sum-accs.cc:63) Summed 8 stats, total count 2.82281e+06, avg like/frame -48.5921
LOG (gmm-sum-accs[5.5.1182~1-e02e3]:main():gmm-sum-accs.cc:66) Total count of stats is 2.82281e+06
LOG (gmm-sum-accs[5.5.1182~1-e02e3]:main():gmm-sum-accs.cc:67) Written stats to -
LOG (gmm-est[5.5.1182~1-e02e3]:MleUpdate():transition-model.cc:528) TransitionModel::Update, objf change is 0 per frame over 2.82281e+06 frames. 
LOG (gmm-est[5.5.1182~1-e02e3]:MleUpdate():transition-model.cc:531) 197 probabilities floored, 3 out of 2277 transition-states skipped due to insuffient data (it is normal to have some skipped.)
LOG (gmm-est[5.5.1182~1-e02e3]:main():gmm-est.cc:102) Transition model update: Overall 0 log-like improvement per frame over 2.82281e+06 frames.
WARNING (gmm-est[5.5.1182~1-e02e3]:MleDiagGmmUpdate():mle-diag-gmm.cc:359) Too little data - removing Gaussian (weight 0.051384, occupation count 6.320207, vector size 40)
LOG (gmm-est[5.5.1182~1-e02e3]:MleAmDiagGmmUpdate():mle-am-diag-gmm.cc:225) 0 variance elements floored in 0 Gaussians, out of 7999
LOG (gmm-est[5.5.1182~1-e02e3]:MleAmDiagGmmUpdate():mle-am-diag-gmm.cc:229) Removed 1 Gaussians due to counts < --min-gaussian-occupancy=10 and --remove-low-count-gaussians=true
LOG (gmm-est[5.5.1182~1-e02e3]:main():gmm-est.cc:113) GMM update: Overall 0.0774652 objective function improvement per frame over 2.82281e+06 frames
LOG (gmm-est[5.5.1182~1-e02e3]:main():gmm-est.cc:116) GMM update: Overall avg like per frame = -48.5921 over 2.82281e+06 frames.
LOG (gmm-est[5.5.1182~1-e02e3]:SplitByCount():am-diag-gmm.cc:116) Split 2016 states with target = 8500, power = 0.2, perturb_factor = 0.01 and min_count = 20, split #Gauss from 7999 to 8500
LOG (gmm-est[5.5.1182~1-e02e3]:main():gmm-est.cc:146) Written model to /home/troxyz1268/bisaya_asr/exp/tri3/14.mdl
# Accounting: time=0 threads=1
# Ended (code 0) at Thu Aug 20 11:45:34 PST 2026, elapsed time 0 seconds
